2026-04-29 13:59:09.266 [main] INFO  c.a.n.c.env.SearchableProperties - properties search order:PROPERTIES->JVM->ENV->DEFAULT_SETTING
2026-04-29 13:59:09.304 [background-preinit] INFO  o.h.validator.internal.util.Version - HV000001: Hibernate Validator 6.2.5.Final
2026-04-29 13:59:09.344 [main] INFO  c.g.g.GatewayServerApplication - Starting GatewayServerApplication using Java 21.0.10 on DESKTOP-KIBNON4 with PID 50856 (D:\IDEA-WorkSpace\gov-todo-micro\gov-todo-micro\gateway-server\target\classes started by MECHREVO in D:\IDEA-WorkSpace\gov-todo-micro\gov-todo-micro\gateway-server)
2026-04-29 13:59:09.345 [main] DEBUG c.g.g.GatewayServerApplication - Running with Spring Boot v2.7.15, Spring v5.3.29
2026-04-29 13:59:09.345 [main] INFO  c.g.g.GatewayServerApplication - The following 1 profile is active: "dev"
2026-04-29 13:59:09.726 [main] INFO  o.s.d.r.c.RepositoryConfigurationDelegate - Multiple Spring Data modules found, entering strict repository configuration mode
2026-04-29 13:59:09.728 [main] INFO  o.s.d.r.c.RepositoryConfigurationDelegate - Bootstrapping Spring Data Redis repositories in DEFAULT mode.
2026-04-29 13:59:09.738 [main] INFO  o.s.d.r.c.RepositoryConfigurationDelegate - Finished Spring Data repository scanning in 3 ms. Found 0 Redis repository interfaces.
2026-04-29 13:59:09.847 [main] INFO  o.s.cloud.context.scope.GenericScope - BeanFactory id=0f5d76c9-d07d-3bc4-96ea-b657ee4fec67
2026-04-29 13:59:10.012 [main] INFO  o.s.c.s.PostProcessorRegistrationDelegate$BeanPostProcessorChecker - Bean 'org.springframework.cloud.client.loadbalancer.reactive.LoadBalancerBeanPostProcessorAutoConfiguration' of type [org.springframework.cloud.client.loadbalancer.reactive.LoadBalancerBeanPostProcessorAutoConfiguration] is not eligible for getting processed by all BeanPostProcessors (for example: not eligible for auto-proxying)
2026-04-29 13:59:10.013 [main] INFO  o.s.c.s.PostProcessorRegistrationDelegate$BeanPostProcessorChecker - Bean 'org.springframework.cloud.client.loadbalancer.reactive.LoadBalancerBeanPostProcessorAutoConfiguration$ReactorDeferringLoadBalancerFilterConfig' of type [org.springframework.cloud.client.loadbalancer.reactive.LoadBalancerBeanPostProcessorAutoConfiguration$ReactorDeferringLoadBalancerFilterConfig] is not eligible for getting processed by all BeanPostProcessors (for example: not eligible for auto-proxying)
2026-04-29 13:59:10.014 [main] INFO  o.s.c.s.PostProcessorRegistrationDelegate$BeanPostProcessorChecker - Bean 'reactorDeferringLoadBalancerExchangeFilterFunction' of type [org.springframework.cloud.client.loadbalancer.reactive.DeferringLoadBalancerExchangeFilterFunction] is not eligible for getting processed by all BeanPostProcessors (for example: not eligible for auto-proxying)
2026-04-29 13:59:10.208 [main] INFO  o.s.b.a.s.r.ReactiveUserDetailsServiceAutoConfiguration - 

Using generated security password: 9e5ded3c-a245-4428-a487-efa055d06f9b

2026-04-29 13:59:10.784 [main] INFO  o.s.c.g.r.RouteDefinitionRouteLocator - Loaded RoutePredicateFactory [After]
2026-04-29 13:59:10.784 [main] INFO  o.s.c.g.r.RouteDefinitionRouteLocator - Loaded RoutePredicateFactory [Before]
2026-04-29 13:59:10.784 [main] INFO  o.s.c.g.r.RouteDefinitionRouteLocator - Loaded RoutePredicateFactory [Between]
2026-04-29 13:59:10.784 [main] INFO  o.s.c.g.r.RouteDefinitionRouteLocator - Loaded RoutePredicateFactory [Cookie]
2026-04-29 13:59:10.785 [main] INFO  o.s.c.g.r.RouteDefinitionRouteLocator - Loaded RoutePredicateFactory [Header]
2026-04-29 13:59:10.785 [main] INFO  o.s.c.g.r.RouteDefinitionRouteLocator - Loaded RoutePredicateFactory [Host]
2026-04-29 13:59:10.785 [main] INFO  o.s.c.g.r.RouteDefinitionRouteLocator - Loaded RoutePredicateFactory [Method]
2026-04-29 13:59:10.785 [main] INFO  o.s.c.g.r.RouteDefinitionRouteLocator - Loaded RoutePredicateFactory [Path]
2026-04-29 13:59:10.785 [main] INFO  o.s.c.g.r.RouteDefinitionRouteLocator - Loaded RoutePredicateFactory [Query]
2026-04-29 13:59:10.785 [main] INFO  o.s.c.g.r.RouteDefinitionRouteLocator - Loaded RoutePredicateFactory [ReadBody]
2026-04-29 13:59:10.786 [main] INFO  o.s.c.g.r.RouteDefinitionRouteLocator - Loaded RoutePredicateFactory [RemoteAddr]
2026-04-29 13:59:10.786 [main] INFO  o.s.c.g.r.RouteDefinitionRouteLocator - Loaded RoutePredicateFactory [XForwardedRemoteAddr]
2026-04-29 13:59:10.786 [main] INFO  o.s.c.g.r.RouteDefinitionRouteLocator - Loaded RoutePredicateFactory [Weight]
2026-04-29 13:59:10.786 [main] INFO  o.s.c.g.r.RouteDefinitionRouteLocator - Loaded RoutePredicateFactory [CloudFoundryRouteService]
2026-04-29 13:59:10.796 [main] INFO  c.a.c.s.g.s.SentinelSCGAutoConfiguration - [Sentinel SpringCloudGateway] using AnonymousBlockRequestHandler, responseStatus: 429, responseBody: {"code":429,"message":"请求过于频繁,请稍后重试"}
2026-04-29 13:59:10.796 [main] INFO  c.a.c.s.g.s.SentinelSCGAutoConfiguration - [Sentinel SpringCloudGateway] register SentinelGatewayFilter with order: -2147483648
2026-04-29 13:59:10.864 [main] INFO  c.a.c.s.g.s.SentinelSCGAutoConfiguration - [Sentinel SpringCloudGateway] register SentinelGatewayBlockExceptionHandler
2026-04-29 13:59:11.003 [main] WARN  o.s.c.l.c.LoadBalancerCacheAutoConfiguration$LoadBalancerCaffeineWarnLogger - Spring Cloud LoadBalancer is currently working with the default cache. While this cache implementation is useful for development and tests, it's recommended to use Caffeine cache in production.You can switch to using Caffeine cache, by adding it and org.springframework.cache.caffeine.CaffeineCacheManager to the classpath.
2026-04-29 13:59:11.413 [main] INFO  o.s.b.w.e.netty.NettyWebServer - Netty started on port 8081
2026-04-29 13:59:11.465 [main] INFO  c.a.n.p.a.s.c.ClientAuthPluginManager - [ClientAuthPluginManager] Load ClientAuthService com.alibaba.nacos.client.auth.impl.NacosClientAuthServiceImpl success.
2026-04-29 13:59:11.465 [main] INFO  c.a.n.p.a.s.c.ClientAuthPluginManager - [ClientAuthPluginManager] Load ClientAuthService com.alibaba.nacos.client.auth.ram.RamClientAuthServiceImpl success.
2026-04-29 13:59:12.274 [main] INFO  c.a.c.n.r.NacosServiceRegistry - nacos registry, DEFAULT_GROUP gateway-server 192.168.80.1:8081 register finished
2026-04-29 13:59:12.310 [main] INFO  c.g.g.GatewayServerApplication - Started GatewayServerApplication in 3.416 seconds (JVM running for 3.68)
2026-04-29 13:59:47.576 [parallel-1] DEBUG c.g.g.filter.AuthGlobalFilter - AuthGlobalFilter processing request: /api/todo/list
2026-04-29 13:59:47.617 [parallel-1] DEBUG c.g.g.filter.AuthGlobalFilter - Authentication successful for user: admin, path: /api/todo/list
2026-04-29 13:59:48.815 [parallel-2] DEBUG c.g.g.filter.AuthGlobalFilter - AuthGlobalFilter processing request: /api/todo/statistics
2026-04-29 13:59:48.819 [parallel-2] DEBUG c.g.g.filter.AuthGlobalFilter - Authentication successful for user: admin, path: /api/todo/statistics
2026-04-29 13:59:49.161 [parallel-3] DEBUG c.g.g.filter.AuthGlobalFilter - AuthGlobalFilter processing request: /api/activities/recent
2026-04-29 13:59:49.163 [parallel-3] DEBUG c.g.g.filter.AuthGlobalFilter - Authentication successful for user: admin, path: /api/activities/recent
2026-04-29 13:59:55.111 [parallel-4] DEBUG c.g.g.filter.AuthGlobalFilter - AuthGlobalFilter processing request: /api/todo/list
2026-04-29 13:59:55.114 [parallel-4] DEBUG c.g.g.filter.AuthGlobalFilter - Authentication successful for user: admin, path: /api/todo/list
2026-04-29 13:59:56.327 [parallel-5] DEBUG c.g.g.filter.AuthGlobalFilter - AuthGlobalFilter processing request: /api/todo/statistics
2026-04-29 13:59:56.334 [parallel-5] DEBUG c.g.g.filter.AuthGlobalFilter - Authentication successful for user: admin, path: /api/todo/statistics
2026-04-29 13:59:56.598 [parallel-6] DEBUG c.g.g.filter.AuthGlobalFilter - AuthGlobalFilter processing request: /api/activities/recent
2026-04-29 13:59:56.607 [parallel-6] DEBUG c.g.g.filter.AuthGlobalFilter - Authentication successful for user: admin, path: /api/activities/recent
