2026-04-28 15:22:40.838 [main] ERROR o.s.boot.SpringApplication - Application run failed
java.lang.IllegalStateException: java.lang.IllegalStateException: Logback configuration error detected: 
ERROR in ch.qos.logback.core.joran.spi.Interpreter@43:25 - no applicable action for [writeQueueSize], current ElementPath  is [[configuration][appender][writeQueueSize]]
	at org.springframework.boot.context.logging.LoggingApplicationListener.initializeSystem(LoggingApplicationListener.java:344)
	at org.springframework.boot.context.logging.LoggingApplicationListener.initialize(LoggingApplicationListener.java:298)
	at org.springframework.boot.context.logging.LoggingApplicationListener.onApplicationEnvironmentPreparedEvent(LoggingApplicationListener.java:246)
	at org.springframework.boot.context.logging.LoggingApplicationListener.onApplicationEvent(LoggingApplicationListener.java:223)
	at org.springframework.context.event.SimpleApplicationEventMulticaster.doInvokeListener(SimpleApplicationEventMulticaster.java:176)
	at org.springframework.context.event.SimpleApplicationEventMulticaster.invokeListener(SimpleApplicationEventMulticaster.java:169)
	at org.springframework.context.event.SimpleApplicationEventMulticaster.multicastEvent(SimpleApplicationEventMulticaster.java:143)
	at org.springframework.context.event.SimpleApplicationEventMulticaster.multicastEvent(SimpleApplicationEventMulticaster.java:131)
	at org.springframework.boot.context.event.EventPublishingRunListener.environmentPrepared(EventPublishingRunListener.java:85)
	at org.springframework.boot.SpringApplicationRunListeners.lambda$environmentPrepared$2(SpringApplicationRunListeners.java:66)
	at java.base/java.util.ArrayList.forEach(ArrayList.java:1596)
	at org.springframework.boot.SpringApplicationRunListeners.doWithListeners(SpringApplicationRunListeners.java:120)
	at org.springframework.boot.SpringApplicationRunListeners.doWithListeners(SpringApplicationRunListeners.java:114)
	at org.springframework.boot.SpringApplicationRunListeners.environmentPrepared(SpringApplicationRunListeners.java:65)
	at org.springframework.boot.SpringApplication.prepareEnvironment(SpringApplication.java:343)
	at org.springframework.boot.SpringApplication.run(SpringApplication.java:301)
	at org.springframework.boot.SpringApplication.run(SpringApplication.java:1303)
	at org.springframework.boot.SpringApplication.run(SpringApplication.java:1292)
	at com.gov.todoservice.TodoServiceApplication.main(TodoServiceApplication.java:15)
Caused by: java.lang.IllegalStateException: Logback configuration error detected: 
ERROR in ch.qos.logback.core.joran.spi.Interpreter@43:25 - no applicable action for [writeQueueSize], current ElementPath  is [[configuration][appender][writeQueueSize]]
	at org.springframework.boot.logging.logback.LogbackLoggingSystem.reportConfigurationErrorsIfNecessary(LogbackLoggingSystem.java:189)
	at org.springframework.boot.logging.logback.LogbackLoggingSystem.loadConfiguration(LogbackLoggingSystem.java:170)
	at org.springframework.boot.logging.AbstractLoggingSystem.initializeWithConventions(AbstractLoggingSystem.java:80)
	at org.springframework.boot.logging.AbstractLoggingSystem.initialize(AbstractLoggingSystem.java:60)
	at org.springframework.boot.logging.logback.LogbackLoggingSystem.initialize(LogbackLoggingSystem.java:132)
	at org.springframework.boot.context.logging.LoggingApplicationListener.initializeSystem(LoggingApplicationListener.java:329)
	... 18 common frames omitted
2026-04-28 15:22:47.991 [main] ERROR o.s.boot.SpringApplication - Application run failed
java.lang.IllegalStateException: java.lang.IllegalStateException: Logback configuration error detected: 
ERROR in ch.qos.logback.core.joran.spi.Interpreter@43:25 - no applicable action for [writeQueueSize], current ElementPath  is [[configuration][appender][writeQueueSize]]
	at org.springframework.boot.context.logging.LoggingApplicationListener.initializeSystem(LoggingApplicationListener.java:344)
	at org.springframework.boot.context.logging.LoggingApplicationListener.initialize(LoggingApplicationListener.java:298)
	at org.springframework.boot.context.logging.LoggingApplicationListener.onApplicationEnvironmentPreparedEvent(LoggingApplicationListener.java:246)
	at org.springframework.boot.context.logging.LoggingApplicationListener.onApplicationEvent(LoggingApplicationListener.java:223)
	at org.springframework.context.event.SimpleApplicationEventMulticaster.doInvokeListener(SimpleApplicationEventMulticaster.java:176)
	at org.springframework.context.event.SimpleApplicationEventMulticaster.invokeListener(SimpleApplicationEventMulticaster.java:169)
	at org.springframework.context.event.SimpleApplicationEventMulticaster.multicastEvent(SimpleApplicationEventMulticaster.java:143)
	at org.springframework.context.event.SimpleApplicationEventMulticaster.multicastEvent(SimpleApplicationEventMulticaster.java:131)
	at org.springframework.boot.context.event.EventPublishingRunListener.environmentPrepared(EventPublishingRunListener.java:85)
	at org.springframework.boot.SpringApplicationRunListeners.lambda$environmentPrepared$2(SpringApplicationRunListeners.java:66)
	at java.base/java.util.ArrayList.forEach(ArrayList.java:1596)
	at org.springframework.boot.SpringApplicationRunListeners.doWithListeners(SpringApplicationRunListeners.java:120)
	at org.springframework.boot.SpringApplicationRunListeners.doWithListeners(SpringApplicationRunListeners.java:114)
	at org.springframework.boot.SpringApplicationRunListeners.environmentPrepared(SpringApplicationRunListeners.java:65)
	at org.springframework.boot.SpringApplication.prepareEnvironment(SpringApplication.java:343)
	at org.springframework.boot.SpringApplication.run(SpringApplication.java:301)
	at org.springframework.boot.SpringApplication.run(SpringApplication.java:1303)
	at org.springframework.boot.SpringApplication.run(SpringApplication.java:1292)
	at com.gov.todoservice.TodoServiceApplication.main(TodoServiceApplication.java:15)
Caused by: java.lang.IllegalStateException: Logback configuration error detected: 
ERROR in ch.qos.logback.core.joran.spi.Interpreter@43:25 - no applicable action for [writeQueueSize], current ElementPath  is [[configuration][appender][writeQueueSize]]
	at org.springframework.boot.logging.logback.LogbackLoggingSystem.reportConfigurationErrorsIfNecessary(LogbackLoggingSystem.java:189)
	at org.springframework.boot.logging.logback.LogbackLoggingSystem.loadConfiguration(LogbackLoggingSystem.java:170)
	at org.springframework.boot.logging.AbstractLoggingSystem.initializeWithConventions(AbstractLoggingSystem.java:80)
	at org.springframework.boot.logging.AbstractLoggingSystem.initialize(AbstractLoggingSystem.java:60)
	at org.springframework.boot.logging.logback.LogbackLoggingSystem.initialize(LogbackLoggingSystem.java:132)
	at org.springframework.boot.context.logging.LoggingApplicationListener.initializeSystem(LoggingApplicationListener.java:329)
	... 18 common frames omitted
2026-04-28 15:43:35.752 [main] INFO  c.a.n.c.env.SearchableProperties - properties search order:PROPERTIES->JVM->ENV->DEFAULT_SETTING
2026-04-28 15:43:35.783 [main] ERROR o.s.b.d.LoggingFailureAnalysisReporter - 

***************************
APPLICATION FAILED TO START
***************************

Description:

An attempt was made to call a method that does not exist. The attempt was made from the following location:

    net.logstash.logback.composite.loggingevent.LoggingEventFormattedTimestampJsonProvider.getTimestampAsInstant(LoggingEventFormattedTimestampJsonProvider.java:29)

The following method did not exist:

    'java.time.Instant ch.qos.logback.classic.spi.ILoggingEvent.getInstant()'

The calling method's class, net.logstash.logback.composite.loggingevent.LoggingEventFormattedTimestampJsonProvider, was loaded from the following location:

    jar:file:/D:/maven/repository/net/logstash/logback/logstash-logback-encoder/7.4/logstash-logback-encoder-7.4.jar!/net/logstash/logback/composite/loggingevent/LoggingEventFormattedTimestampJsonProvider.class

The called method's class, ch.qos.logback.classic.spi.ILoggingEvent, is available from the following locations:

    jar:file:/D:/maven/repository/ch/qos/logback/logback-classic/1.2.12/logback-classic-1.2.12.jar!/ch/qos/logback/classic/spi/ILoggingEvent.class

The called method's class hierarchy was loaded from the following locations:

    ch.qos.logback.classic.spi.ILoggingEvent: file:/D:/maven/repository/ch/qos/logback/logback-classic/1.2.12/logback-classic-1.2.12.jar


Action:

Correct the classpath of your application so that it contains compatible versions of the classes net.logstash.logback.composite.loggingevent.LoggingEventFormattedTimestampJsonProvider and ch.qos.logback.classic.spi.ILoggingEvent

2026-04-28 15:43:52.595 [main] INFO  c.a.n.c.env.SearchableProperties - properties search order:PROPERTIES->JVM->ENV->DEFAULT_SETTING
2026-04-28 15:43:52.621 [main] ERROR o.s.b.d.LoggingFailureAnalysisReporter - 

***************************
APPLICATION FAILED TO START
***************************

Description:

An attempt was made to call a method that does not exist. The attempt was made from the following location:

    net.logstash.logback.composite.loggingevent.LoggingEventFormattedTimestampJsonProvider.getTimestampAsInstant(LoggingEventFormattedTimestampJsonProvider.java:29)

The following method did not exist:

    'java.time.Instant ch.qos.logback.classic.spi.ILoggingEvent.getInstant()'

The calling method's class, net.logstash.logback.composite.loggingevent.LoggingEventFormattedTimestampJsonProvider, was loaded from the following location:

    jar:file:/D:/maven/repository/net/logstash/logback/logstash-logback-encoder/7.4/logstash-logback-encoder-7.4.jar!/net/logstash/logback/composite/loggingevent/LoggingEventFormattedTimestampJsonProvider.class

The called method's class, ch.qos.logback.classic.spi.ILoggingEvent, is available from the following locations:

    jar:file:/D:/maven/repository/ch/qos/logback/logback-classic/1.2.12/logback-classic-1.2.12.jar!/ch/qos/logback/classic/spi/ILoggingEvent.class

The called method's class hierarchy was loaded from the following locations:

    ch.qos.logback.classic.spi.ILoggingEvent: file:/D:/maven/repository/ch/qos/logback/logback-classic/1.2.12/logback-classic-1.2.12.jar


Action:

Correct the classpath of your application so that it contains compatible versions of the classes net.logstash.logback.composite.loggingevent.LoggingEventFormattedTimestampJsonProvider and ch.qos.logback.classic.spi.ILoggingEvent

2026-04-28 15:45:40.288 [main] INFO  c.a.n.c.env.SearchableProperties - properties search order:PROPERTIES->JVM->ENV->DEFAULT_SETTING
2026-04-28 15:45:40.354 [main] INFO  c.g.t.TodoServiceApplication - Starting TodoServiceApplication using Java 21.0.10 on DESKTOP-KIBNON4 with PID 43128 (D:\IDEA-WorkSpace\gov-todo-micro\gov-todo-micro\todo-service\target\classes started by MECHREVO in D:\IDEA-WorkSpace\gov-todo-micro\gov-todo-micro)
2026-04-28 15:45:40.355 [main] DEBUG c.g.t.TodoServiceApplication - Running with Spring Boot v2.7.15, Spring v5.3.29
2026-04-28 15:45:40.356 [main] INFO  c.g.t.TodoServiceApplication - No active profile set, falling back to 1 default profile: "default"
2026-04-28 15:45:40.759 [main] INFO  o.s.d.r.c.RepositoryConfigurationDelegate - Multiple Spring Data modules found, entering strict repository configuration mode
2026-04-28 15:45:40.761 [main] INFO  o.s.d.r.c.RepositoryConfigurationDelegate - Bootstrapping Spring Data Redis repositories in DEFAULT mode.
2026-04-28 15:45:40.773 [main] INFO  o.s.d.r.c.RepositoryConfigurationDelegate - Finished Spring Data repository scanning in 4 ms. Found 0 Redis repository interfaces.
2026-04-28 15:45:40.900 [main] INFO  o.s.cloud.context.scope.GenericScope - BeanFactory id=5a5d1ee7-1957-3acf-82e9-d33cce596066
2026-04-28 15:45:41.261 [main] INFO  o.s.b.w.e.tomcat.TomcatWebServer - Tomcat initialized with port(s): 8090 (http)
2026-04-28 15:45:41.267 [main] INFO  o.a.coyote.http11.Http11NioProtocol - Initializing ProtocolHandler ["http-nio-8090"]
2026-04-28 15:45:41.268 [main] INFO  o.a.catalina.core.StandardService - Starting service [Tomcat]
2026-04-28 15:45:41.268 [main] INFO  o.a.catalina.core.StandardEngine - Starting Servlet engine: [Apache Tomcat/9.0.79]
2026-04-28 15:45:41.354 [main] INFO  o.a.c.c.C.[Tomcat].[localhost].[/] - Initializing Spring embedded WebApplicationContext
2026-04-28 15:45:41.354 [main] INFO  o.s.b.w.s.c.ServletWebServerApplicationContext - Root WebApplicationContext: initialization completed in 971 ms
2026-04-28 15:45:41.614 [main] WARN  o.s.b.a.s.s.UserDetailsServiceAutoConfiguration - 

Using generated security password: 1241a4f7-7f27-492c-ac5e-6923e889b828

This generated password is for development use only. Your security configuration must be updated before running your application in production.

2026-04-28 15:45:41.682 [main] INFO  c.a.c.s.SentinelWebMvcConfigurer - [Sentinel Starter] register SentinelWebInterceptor with urlPatterns: [/**].
2026-04-28 15:45:41.791 [main] INFO  o.s.s.web.DefaultSecurityFilterChain - Will secure any request with [org.springframework.security.web.session.DisableEncodeUrlFilter@7c0ff7a0, org.springframework.security.web.context.request.async.WebAsyncManagerIntegrationFilter@24c84e65, org.springframework.security.web.context.SecurityContextPersistenceFilter@74f649a7, org.springframework.security.web.header.HeaderWriterFilter@1a3c4b3e, org.springframework.web.filter.CorsFilter@7337bd2e, org.springframework.security.web.authentication.logout.LogoutFilter@c87787d, org.springframework.security.web.savedrequest.RequestCacheAwareFilter@50fa5938, org.springframework.security.web.servletapi.SecurityContextHolderAwareRequestFilter@5615f82d, org.springframework.security.web.authentication.AnonymousAuthenticationFilter@4604e051, org.springframework.security.web.session.SessionManagementFilter@118a4d5, org.springframework.security.web.access.ExceptionTranslationFilter@59c08cf1, org.springframework.security.web.access.intercept.FilterSecurityInterceptor@1425e531]
2026-04-28 15:45:43.066 [main] INFO  o.s.cloud.commons.util.InetUtils - Cannot determine local hostname
2026-04-28 15:45:44.251 [main] INFO  o.s.cloud.commons.util.InetUtils - Cannot determine local hostname
2026-04-28 15:45:44.355 [main] INFO  o.a.coyote.http11.Http11NioProtocol - Starting ProtocolHandler ["http-nio-8090"]
2026-04-28 15:45:44.371 [main] INFO  o.s.b.w.e.tomcat.TomcatWebServer - Tomcat started on port(s): 8090 (http) with context path ''
2026-04-28 15:45:44.399 [main] INFO  c.a.n.p.a.s.c.ClientAuthPluginManager - [ClientAuthPluginManager] Load ClientAuthService com.alibaba.nacos.client.auth.impl.NacosClientAuthServiceImpl success.
2026-04-28 15:45:44.399 [main] INFO  c.a.n.p.a.s.c.ClientAuthPluginManager - [ClientAuthPluginManager] Load ClientAuthService com.alibaba.nacos.client.auth.ram.RamClientAuthServiceImpl success.
2026-04-28 15:45:44.878 [main] INFO  c.a.c.n.r.NacosServiceRegistry - nacos registry, DEFAULT_GROUP todo-service 192.168.80.1:8090 register finished
2026-04-28 15:45:45.893 [main] INFO  o.s.cloud.commons.util.InetUtils - Cannot determine local hostname
2026-04-28 15:45:45.901 [main] INFO  c.g.t.TodoServiceApplication - Started TodoServiceApplication in 7.018 seconds (JVM running for 7.6)
